[t=0] НАЧАЛО teachers=1 students=3 tickets=3 queue=1 prep=1..1 check=2 max=100 seed=17 ticket_mode=sequential grade_mode=ticket delay_ms=0
[t=0] Студент 1 получил и сообщил билет 1.
[t=0] Студент 1 начал подготовку; длительность 1.
[t=0] Студент 2 получил и сообщил билет 2.
[t=0] Студент 2 начал подготовку; длительность 1.
[t=0] Студент 3 получил и сообщил билет 3.
[t=0] Студент 3 начал подготовку; длительность 1.
[t=1] Студент 1 закончил подготовку и готов передать работу.
[t=1] Студент 2 закончил подготовку и готов передать работу.
[t=1] Студент 3 закончил подготовку и готов передать работу.
[t=1] Студент 1 передал работу; поставлен в очередь (1/1).
[t=1] Преподаватель 1 начал проверку работы студента 1.
[t=1] Студент 2 передал работу; поставлен в очередь (1/1).
[t=1] Студент 3 ожидает места: очередь заполнена, работа остаётся у студента.
[t=3] Преподаватель 1 закончил проверку студента 1; оценка 2.
[t=3] Студент 1 получил свою оценку 2 и завершил экзамен.
[t=3] Преподаватель 1 начал проверку работы студента 2.
[t=3] Студент 3 передал работу; поставлен в очередь (1/1).
[t=5] Преподаватель 1 закончил проверку студента 2; оценка 3.
[t=5] Студент 2 получил свою оценку 3 и завершил экзамен.
[t=5] Преподаватель 1 начал проверку работы студента 3.
[t=7] Преподаватель 1 закончил проверку студента 3; оценка 4.
[t=7] Студент 3 получил свою оценку 4 и завершил экзамен.
[t=7] СТУДЕНТ id=1 ticket=1 state=done teacher=1 grade=2
[t=7] СТУДЕНТ id=2 ticket=2 state=done teacher=1 grade=3
[t=7] СТУДЕНТ id=3 ticket=3 state=done teacher=1 grade=4
[t=7] ИТОГ reason=complete admitted=3 completed=3 unfinished=0 rejected=0 peak_queue=1 waited=1 average=3.00
