[t=0] НАЧАЛО teachers=2 students=6 tickets=6 queue=3 prep=2..5 check=2 max=100 seed=17 ticket_mode=random grade_mode=random delay_ms=0
[t=0] Студент 1 получил и сообщил билет 4.
[t=0] Студент 1 начал подготовку; длительность 2.
[t=0] Студент 2 получил и сообщил билет 6.
[t=0] Студент 2 начал подготовку; длительность 2.
[t=0] Студент 3 получил и сообщил билет 3.
[t=0] Студент 3 начал подготовку; длительность 3.
[t=0] Студент 4 получил и сообщил билет 5.
[t=0] Студент 4 начал подготовку; длительность 3.
[t=0] Студент 5 получил и сообщил билет 2.
[t=0] Студент 5 начал подготовку; длительность 2.
[t=0] Студент 6 получил и сообщил билет 1.
[t=0] Студент 6 начал подготовку; длительность 2.
[t=2] Студент 1 закончил подготовку и готов передать работу.
[t=2] Студент 2 закончил подготовку и готов передать работу.
[t=2] Студент 5 закончил подготовку и готов передать работу.
[t=2] Студент 6 закончил подготовку и готов передать работу.
[t=2] Студент 1 передал работу; поставлен в очередь (1/3).
[t=2] Преподаватель 1 начал проверку работы студента 1.
[t=2] Студент 2 передал работу; поставлен в очередь (1/3).
[t=2] Преподаватель 2 начал проверку работы студента 2.
[t=2] Студент 5 передал работу; поставлен в очередь (1/3).
[t=2] Студент 6 передал работу; поставлен в очередь (2/3).
[t=3] Студент 3 закончил подготовку и готов передать работу.
[t=3] Студент 4 закончил подготовку и готов передать работу.
[t=3] Студент 3 передал работу; поставлен в очередь (3/3).
[t=3] Студент 4 ожидает места: очередь заполнена, работа остаётся у студента.
[t=4] Преподаватель 1 закончил проверку студента 1; оценка 4.
[t=4] Студент 1 получил свою оценку 4 и завершил экзамен.
[t=4] Преподаватель 2 закончил проверку студента 2; оценка 5.
[t=4] Студент 2 получил свою оценку 5 и завершил экзамен.
[t=4] Преподаватель 1 начал проверку работы студента 5.
[t=4] Преподаватель 2 начал проверку работы студента 6.
[t=4] Студент 4 передал работу; поставлен в очередь (2/3).
[t=6] Преподаватель 1 закончил проверку студента 5; оценка 3.
[t=6] Студент 5 получил свою оценку 3 и завершил экзамен.
[t=6] Преподаватель 2 закончил проверку студента 6; оценка 5.
[t=6] Студент 6 получил свою оценку 5 и завершил экзамен.
[t=6] Преподаватель 1 начал проверку работы студента 3.
[t=6] Преподаватель 2 начал проверку работы студента 4.
[t=8] Преподаватель 1 закончил проверку студента 3; оценка 3.
[t=8] Студент 3 получил свою оценку 3 и завершил экзамен.
[t=8] Преподаватель 2 закончил проверку студента 4; оценка 2.
[t=8] Студент 4 получил свою оценку 2 и завершил экзамен.
[t=8] СТУДЕНТ id=1 ticket=4 state=done teacher=1 grade=4
[t=8] СТУДЕНТ id=2 ticket=6 state=done teacher=2 grade=5
[t=8] СТУДЕНТ id=3 ticket=3 state=done teacher=1 grade=3
[t=8] СТУДЕНТ id=4 ticket=5 state=done teacher=2 grade=2
[t=8] СТУДЕНТ id=5 ticket=2 state=done teacher=1 grade=3
[t=8] СТУДЕНТ id=6 ticket=1 state=done teacher=2 grade=5
[t=8] ИТОГ reason=complete admitted=6 completed=6 unfinished=0 rejected=0 peak_queue=3 waited=1 average=3.67
