[t=0] НАЧАЛО teachers=2 students=5 tickets=2 queue=3 prep=2..5 check=2 max=100 seed=17 ticket_mode=random grade_mode=random delay_ms=0
[t=0] Студент 1 получил и сообщил билет 2.
[t=0] Студент 1 начал подготовку; длительность 4.
[t=0] Студент 2 получил и сообщил билет 1.
[t=0] Студент 2 начал подготовку; длительность 3.
[t=0] Студент 3 не допущен: нет уникального билета.
[t=0] Студент 4 не допущен: нет уникального билета.
[t=0] Студент 5 не допущен: нет уникального билета.
[t=3] Студент 2 закончил подготовку и готов передать работу.
[t=3] Студент 2 передал работу; поставлен в очередь (1/3).
[t=3] Преподаватель 1 начал проверку работы студента 2.
[t=4] Студент 1 закончил подготовку и готов передать работу.
[t=4] Студент 1 передал работу; поставлен в очередь (1/3).
[t=4] Преподаватель 2 начал проверку работы студента 1.
[t=5] Преподаватель 1 закончил проверку студента 2; оценка 3.
[t=5] Студент 2 получил свою оценку 3 и завершил экзамен.
[t=6] Преподаватель 2 закончил проверку студента 1; оценка 2.
[t=6] Студент 1 получил свою оценку 2 и завершил экзамен.
[t=6] СТУДЕНТ id=1 ticket=2 state=done teacher=2 grade=2
[t=6] СТУДЕНТ id=2 ticket=1 state=done teacher=1 grade=3
[t=6] СТУДЕНТ id=3 ticket=0 state=not_admitted teacher=0 grade=0
[t=6] СТУДЕНТ id=4 ticket=0 state=not_admitted teacher=0 grade=0
[t=6] СТУДЕНТ id=5 ticket=0 state=not_admitted teacher=0 grade=0
[t=6] ИТОГ reason=complete admitted=2 completed=2 unfinished=0 rejected=3 peak_queue=1 waited=0 average=2.50
