[t=0] НАЧАЛО teachers=1 students=40 tickets=40 queue=1 prep=2..5 check=2 max=0 seed=1 ticket_mode=random grade_mode=random delay_ms=0
[t=0] Студент 1 получил и сообщил билет 14.
[t=0] Студент 1 начал подготовку; длительность 5.
[t=0] Студент 2 получил и сообщил билет 30.
[t=0] Студент 2 начал подготовку; длительность 3.
[t=0] Студент 3 получил и сообщил билет 9.
[t=0] Студент 3 начал подготовку; длительность 4.
[t=0] Студент 4 получил и сообщил билет 27.
[t=0] Студент 4 начал подготовку; длительность 5.
[t=0] Студент 5 получил и сообщил билет 28.
[t=0] Студент 5 начал подготовку; длительность 5.
[t=0] Студент 6 получил и сообщил билет 15.
[t=0] Студент 6 начал подготовку; длительность 5.
[t=0] Студент 7 получил и сообщил билет 1.
[t=0] Студент 7 начал подготовку; длительность 3.
[t=0] Студент 8 получил и сообщил билет 2.
[t=0] Студент 8 начал подготовку; длительность 3.
[t=0] Студент 9 получил и сообщил билет 5.
[t=0] Студент 9 начал подготовку; длительность 2.
[t=0] Студент 10 получил и сообщил билет 13.
[t=0] Студент 10 начал подготовку; длительность 3.
[t=0] Студент 11 получил и сообщил билет 31.
[t=0] Студент 11 начал подготовку; длительность 3.
[t=0] Студент 12 получил и сообщил билет 33.
[t=0] Студент 12 начал подготовку; длительность 5.
[t=0] Студент 13 получил и сообщил билет 23.
[t=0] Студент 13 начал подготовку; длительность 5.
[t=0] Студент 14 получил и сообщил билет 26.
[t=0] Студент 14 начал подготовку; длительность 2.
[t=0] Студент 15 получил и сообщил билет 37.
[t=0] Студент 15 начал подготовку; длительность 3.
[t=0] Студент 16 получил и сообщил билет 3.
[t=0] Студент 16 начал подготовку; длительность 2.
[t=0] Студент 17 получил и сообщил билет 24.
[t=0] Студент 17 начал подготовку; длительность 2.
[t=0] Студент 18 получил и сообщил билет 34.
[t=0] Студент 18 начал подготовку; длительность 2.
[t=0] Студент 19 получил и сообщил билет 4.
[t=0] Студент 19 начал подготовку; длительность 2.
[t=0] Студент 20 получил и сообщил билет 35.
[t=0] Студент 20 начал подготовку; длительность 5.
[t=0] Студент 21 получил и сообщил билет 8.
[t=0] Студент 21 начал подготовку; длительность 3.
[t=0] Студент 22 получил и сообщил билет 36.
[t=0] Студент 22 начал подготовку; длительность 3.
[t=0] Студент 23 получил и сообщил билет 25.
[t=0] Студент 23 начал подготовку; длительность 4.
[t=0] Студент 24 получил и сообщил билет 17.
[t=0] Студент 24 начал подготовку; длительность 2.
[t=0] Студент 25 получил и сообщил билет 19.
[t=0] Студент 25 начал подготовку; длительность 5.
[t=0] Студент 26 получил и сообщил билет 29.
[t=0] Студент 26 начал подготовку; длительность 2.
[t=0] Студент 27 получил и сообщил билет 39.
[t=0] Студент 27 начал подготовку; длительность 2.
[t=0] Студент 28 получил и сообщил билет 7.
[t=0] Студент 28 начал подготовку; длительность 2.
[t=0] Студент 29 получил и сообщил билет 12.
[t=0] Студент 29 начал подготовку; длительность 4.
[t=0] Студент 30 получил и сообщил билет 38.
[t=0] Студент 30 начал подготовку; длительность 3.
[t=0] Студент 31 получил и сообщил билет 16.
[t=0] Студент 31 начал подготовку; длительность 2.
[t=0] Студент 32 получил и сообщил билет 6.
[t=0] Студент 32 начал подготовку; длительность 4.
[t=0] Студент 33 получил и сообщил билет 22.
[t=0] Студент 33 начал подготовку; длительность 3.
[t=0] Студент 34 получил и сообщил билет 21.
[t=0] Студент 34 начал подготовку; длительность 2.
[t=0] Студент 35 получил и сообщил билет 20.
[t=0] Студент 35 начал подготовку; длительность 2.
[t=0] Студент 36 получил и сообщил билет 18.
[t=0] Студент 36 начал подготовку; длительность 2.
[t=0] Студент 37 получил и сообщил билет 11.
[t=0] Студент 37 начал подготовку; длительность 3.
[t=0] Студент 38 получил и сообщил билет 40.
[t=0] Студент 38 начал подготовку; длительность 4.
[t=0] Студент 39 получил и сообщил билет 32.
[t=0] Студент 39 начал подготовку; длительность 3.
[t=0] Студент 40 получил и сообщил билет 10.
[t=0] Студент 40 начал подготовку; длительность 5.
[t=2] Студент 9 закончил подготовку и готов передать работу.
[t=2] Студент 14 закончил подготовку и готов передать работу.
[t=2] Студент 16 закончил подготовку и готов передать работу.
[t=2] Студент 17 закончил подготовку и готов передать работу.
[t=2] Студент 18 закончил подготовку и готов передать работу.
[t=2] Студент 19 закончил подготовку и готов передать работу.
[t=2] Студент 24 закончил подготовку и готов передать работу.
[t=2] Студент 26 закончил подготовку и готов передать работу.
[t=2] Студент 27 закончил подготовку и готов передать работу.
[t=2] Студент 28 закончил подготовку и готов передать работу.
[t=2] Студент 31 закончил подготовку и готов передать работу.
[t=2] Студент 34 закончил подготовку и готов передать работу.
[t=2] Студент 35 закончил подготовку и готов передать работу.
[t=2] Студент 36 закончил подготовку и готов передать работу.
[t=2] Студент 9 передал работу; поставлен в очередь (1/1).
[t=2] Преподаватель 1 начал проверку работы студента 9.
[t=2] Студент 14 передал работу; поставлен в очередь (1/1).
[t=2] Студент 16 ожидает места: очередь заполнена, работа остаётся у студента.
[t=2] Студент 17 ожидает места: очередь заполнена, работа остаётся у студента.
[t=2] Студент 18 ожидает места: очередь заполнена, работа остаётся у студента.
[t=2] Студент 19 ожидает места: очередь заполнена, работа остаётся у студента.
[t=2] Студент 24 ожидает места: очередь заполнена, работа остаётся у студента.
[t=2] Студент 26 ожидает места: очередь заполнена, работа остаётся у студента.
[t=2] Студент 27 ожидает места: очередь заполнена, работа остаётся у студента.
[t=2] Студент 28 ожидает места: очередь заполнена, работа остаётся у студента.
[t=2] Студент 31 ожидает места: очередь заполнена, работа остаётся у студента.
[t=2] Студент 34 ожидает места: очередь заполнена, работа остаётся у студента.
[t=2] Студент 35 ожидает места: очередь заполнена, работа остаётся у студента.
[t=2] Студент 36 ожидает места: очередь заполнена, работа остаётся у студента.
[t=3] Студент 2 закончил подготовку и готов передать работу.
[t=3] Студент 7 закончил подготовку и готов передать работу.
[t=3] Студент 8 закончил подготовку и готов передать работу.
[t=3] Студент 10 закончил подготовку и готов передать работу.
[t=3] Студент 11 закончил подготовку и готов передать работу.
[t=3] Студент 15 закончил подготовку и готов передать работу.
[t=3] Студент 21 закончил подготовку и готов передать работу.
[t=3] Студент 22 закончил подготовку и готов передать работу.
[t=3] Студент 30 закончил подготовку и готов передать работу.
[t=3] Студент 33 закончил подготовку и готов передать работу.
[t=3] Студент 37 закончил подготовку и готов передать работу.
[t=3] Студент 39 закончил подготовку и готов передать работу.
[t=3] Студент 2 ожидает места: очередь заполнена, работа остаётся у студента.
[t=3] Студент 7 ожидает места: очередь заполнена, работа остаётся у студента.
[t=3] Студент 8 ожидает места: очередь заполнена, работа остаётся у студента.
[t=3] Студент 10 ожидает места: очередь заполнена, работа остаётся у студента.
[t=3] Студент 11 ожидает места: очередь заполнена, работа остаётся у студента.
[t=3] Студент 15 ожидает места: очередь заполнена, работа остаётся у студента.
[t=3] Студент 21 ожидает места: очередь заполнена, работа остаётся у студента.
[t=3] Студент 22 ожидает места: очередь заполнена, работа остаётся у студента.
[t=3] Студент 30 ожидает места: очередь заполнена, работа остаётся у студента.
[t=3] Студент 33 ожидает места: очередь заполнена, работа остаётся у студента.
[t=3] Студент 37 ожидает места: очередь заполнена, работа остаётся у студента.
[t=3] Студент 39 ожидает места: очередь заполнена, работа остаётся у студента.
[t=4] Преподаватель 1 закончил проверку студента 9; оценка 2.
[t=4] Студент 9 получил свою оценку 2 и завершил экзамен.
[t=4] Студент 3 закончил подготовку и готов передать работу.
[t=4] Студент 23 закончил подготовку и готов передать работу.
[t=4] Студент 29 закончил подготовку и готов передать работу.
[t=4] Студент 32 закончил подготовку и готов передать работу.
[t=4] Студент 38 закончил подготовку и готов передать работу.
[t=4] Преподаватель 1 начал проверку работы студента 14.
[t=4] Студент 16 передал работу; поставлен в очередь (1/1).
[t=4] Студент 3 ожидает места: очередь заполнена, работа остаётся у студента.
[t=4] Студент 23 ожидает места: очередь заполнена, работа остаётся у студента.
[t=4] Студент 29 ожидает места: очередь заполнена, работа остаётся у студента.
[t=4] Студент 32 ожидает места: очередь заполнена, работа остаётся у студента.
[t=4] Студент 38 ожидает места: очередь заполнена, работа остаётся у студента.
[t=5] Студент 1 закончил подготовку и готов передать работу.
[t=5] Студент 4 закончил подготовку и готов передать работу.
[t=5] Студент 5 закончил подготовку и готов передать работу.
[t=5] Студент 6 закончил подготовку и готов передать работу.
[t=5] Студент 12 закончил подготовку и готов передать работу.
[t=5] Студент 13 закончил подготовку и готов передать работу.
[t=5] Студент 20 закончил подготовку и готов передать работу.
[t=5] Студент 25 закончил подготовку и готов передать работу.
[t=5] Студент 40 закончил подготовку и готов передать работу.
[t=5] Студент 1 ожидает места: очередь заполнена, работа остаётся у студента.
[t=5] Студент 4 ожидает места: очередь заполнена, работа остаётся у студента.
[t=5] Студент 5 ожидает места: очередь заполнена, работа остаётся у студента.
[t=5] Студент 6 ожидает места: очередь заполнена, работа остаётся у студента.
[t=5] Студент 12 ожидает места: очередь заполнена, работа остаётся у студента.
[t=5] Студент 13 ожидает места: очередь заполнена, работа остаётся у студента.
[t=5] Студент 20 ожидает места: очередь заполнена, работа остаётся у студента.
[t=5] Студент 25 ожидает места: очередь заполнена, работа остаётся у студента.
[t=5] Студент 40 ожидает места: очередь заполнена, работа остаётся у студента.
[t=6] Преподаватель 1 закончил проверку студента 14; оценка 3.
[t=6] Студент 14 получил свою оценку 3 и завершил экзамен.
[t=6] Преподаватель 1 начал проверку работы студента 16.
[t=6] Студент 17 передал работу; поставлен в очередь (1/1).
[t=8] Преподаватель 1 закончил проверку студента 16; оценка 2.
[t=8] Студент 16 получил свою оценку 2 и завершил экзамен.
[t=8] Преподаватель 1 начал проверку работы студента 17.
[t=8] Студент 18 передал работу; поставлен в очередь (1/1).
[t=10] Преподаватель 1 закончил проверку студента 17; оценка 4.
[t=10] Студент 17 получил свою оценку 4 и завершил экзамен.
[t=10] Преподаватель 1 начал проверку работы студента 18.
[t=10] Студент 19 передал работу; поставлен в очередь (1/1).
[t=12] Преподаватель 1 закончил проверку студента 18; оценка 2.
[t=12] Студент 18 получил свою оценку 2 и завершил экзамен.
[t=12] Преподаватель 1 начал проверку работы студента 19.
[t=12] Студент 24 передал работу; поставлен в очередь (1/1).
[t=14] Преподаватель 1 закончил проверку студента 19; оценка 2.
[t=14] Студент 19 получил свою оценку 2 и завершил экзамен.
[t=14] Преподаватель 1 начал проверку работы студента 24.
[t=14] Студент 26 передал работу; поставлен в очередь (1/1).
[t=16] Преподаватель 1 закончил проверку студента 24; оценка 2.
[t=16] Студент 24 получил свою оценку 2 и завершил экзамен.
[t=16] Преподаватель 1 начал проверку работы студента 26.
[t=16] Студент 27 передал работу; поставлен в очередь (1/1).
[t=18] Преподаватель 1 закончил проверку студента 26; оценка 5.
[t=18] Студент 26 получил свою оценку 5 и завершил экзамен.
[t=18] Преподаватель 1 начал проверку работы студента 27.
[t=18] Студент 28 передал работу; поставлен в очередь (1/1).
[t=20] Преподаватель 1 закончил проверку студента 27; оценка 5.
[t=20] Студент 27 получил свою оценку 5 и завершил экзамен.
[t=20] Преподаватель 1 начал проверку работы студента 28.
[t=20] Студент 31 передал работу; поставлен в очередь (1/1).
[t=22] Преподаватель 1 закончил проверку студента 28; оценка 3.
[t=22] Студент 28 получил свою оценку 3 и завершил экзамен.
[t=22] Преподаватель 1 начал проверку работы студента 31.
[t=22] Студент 34 передал работу; поставлен в очередь (1/1).
[t=24] Преподаватель 1 закончил проверку студента 31; оценка 5.
[t=24] Студент 31 получил свою оценку 5 и завершил экзамен.
[t=24] Преподаватель 1 начал проверку работы студента 34.
[t=24] Студент 35 передал работу; поставлен в очередь (1/1).
[t=26] Преподаватель 1 закончил проверку студента 34; оценка 2.
[t=26] Студент 34 получил свою оценку 2 и завершил экзамен.
[t=26] Преподаватель 1 начал проверку работы студента 35.
[t=26] Студент 36 передал работу; поставлен в очередь (1/1).
[t=28] Преподаватель 1 закончил проверку студента 35; оценка 3.
[t=28] Студент 35 получил свою оценку 3 и завершил экзамен.
[t=28] Преподаватель 1 начал проверку работы студента 36.
[t=28] Студент 2 передал работу; поставлен в очередь (1/1).
[t=30] Преподаватель 1 закончил проверку студента 36; оценка 5.
[t=30] Студент 36 получил свою оценку 5 и завершил экзамен.
[t=30] Преподаватель 1 начал проверку работы студента 2.
[t=30] Студент 7 передал работу; поставлен в очередь (1/1).
[t=32] Преподаватель 1 закончил проверку студента 2; оценка 3.
[t=32] Студент 2 получил свою оценку 3 и завершил экзамен.
[t=32] Преподаватель 1 начал проверку работы студента 7.
[t=32] Студент 8 передал работу; поставлен в очередь (1/1).
[t=34] Преподаватель 1 закончил проверку студента 7; оценка 2.
[t=34] Студент 7 получил свою оценку 2 и завершил экзамен.
[t=34] Преподаватель 1 начал проверку работы студента 8.
[t=34] Студент 10 передал работу; поставлен в очередь (1/1).
[t=36] Преподаватель 1 закончил проверку студента 8; оценка 4.
[t=36] Студент 8 получил свою оценку 4 и завершил экзамен.
[t=36] Преподаватель 1 начал проверку работы студента 10.
[t=36] Студент 11 передал работу; поставлен в очередь (1/1).
[t=38] Преподаватель 1 закончил проверку студента 10; оценка 5.
[t=38] Студент 10 получил свою оценку 5 и завершил экзамен.
[t=38] Преподаватель 1 начал проверку работы студента 11.
[t=38] Студент 15 передал работу; поставлен в очередь (1/1).
[t=40] Преподаватель 1 закончил проверку студента 11; оценка 3.
[t=40] Студент 11 получил свою оценку 3 и завершил экзамен.
[t=40] Преподаватель 1 начал проверку работы студента 15.
[t=40] Студент 21 передал работу; поставлен в очередь (1/1).
[t=42] Преподаватель 1 закончил проверку студента 15; оценка 2.
[t=42] Студент 15 получил свою оценку 2 и завершил экзамен.
[t=42] Преподаватель 1 начал проверку работы студента 21.
[t=42] Студент 22 передал работу; поставлен в очередь (1/1).
[t=44] Преподаватель 1 закончил проверку студента 21; оценка 5.
[t=44] Студент 21 получил свою оценку 5 и завершил экзамен.
[t=44] Преподаватель 1 начал проверку работы студента 22.
[t=44] Студент 30 передал работу; поставлен в очередь (1/1).
[t=46] Преподаватель 1 закончил проверку студента 22; оценка 2.
[t=46] Студент 22 получил свою оценку 2 и завершил экзамен.
[t=46] Преподаватель 1 начал проверку работы студента 30.
[t=46] Студент 33 передал работу; поставлен в очередь (1/1).
[t=48] Преподаватель 1 закончил проверку студента 30; оценка 2.
[t=48] Студент 30 получил свою оценку 2 и завершил экзамен.
[t=48] Преподаватель 1 начал проверку работы студента 33.
[t=48] Студент 37 передал работу; поставлен в очередь (1/1).
[t=50] Преподаватель 1 закончил проверку студента 33; оценка 2.
[t=50] Студент 33 получил свою оценку 2 и завершил экзамен.
[t=50] Преподаватель 1 начал проверку работы студента 37.
[t=50] Студент 39 передал работу; поставлен в очередь (1/1).
[t=52] Преподаватель 1 закончил проверку студента 37; оценка 4.
[t=52] Студент 37 получил свою оценку 4 и завершил экзамен.
[t=52] Преподаватель 1 начал проверку работы студента 39.
[t=52] Студент 3 передал работу; поставлен в очередь (1/1).
[t=54] Преподаватель 1 закончил проверку студента 39; оценка 5.
[t=54] Студент 39 получил свою оценку 5 и завершил экзамен.
[t=54] Преподаватель 1 начал проверку работы студента 3.
[t=54] Студент 23 передал работу; поставлен в очередь (1/1).
[t=56] Преподаватель 1 закончил проверку студента 3; оценка 5.
[t=56] Студент 3 получил свою оценку 5 и завершил экзамен.
[t=56] Преподаватель 1 начал проверку работы студента 23.
[t=56] Студент 29 передал работу; поставлен в очередь (1/1).
[t=58] Преподаватель 1 закончил проверку студента 23; оценка 4.
[t=58] Студент 23 получил свою оценку 4 и завершил экзамен.
[t=58] Преподаватель 1 начал проверку работы студента 29.
[t=58] Студент 32 передал работу; поставлен в очередь (1/1).
[t=60] Преподаватель 1 закончил проверку студента 29; оценка 3.
[t=60] Студент 29 получил свою оценку 3 и завершил экзамен.
[t=60] Преподаватель 1 начал проверку работы студента 32.
[t=60] Студент 38 передал работу; поставлен в очередь (1/1).
[t=62] Преподаватель 1 закончил проверку студента 32; оценка 2.
[t=62] Студент 32 получил свою оценку 2 и завершил экзамен.
[t=62] Преподаватель 1 начал проверку работы студента 38.
[t=62] Студент 1 передал работу; поставлен в очередь (1/1).
[t=64] Преподаватель 1 закончил проверку студента 38; оценка 2.
[t=64] Студент 38 получил свою оценку 2 и завершил экзамен.
[t=64] Преподаватель 1 начал проверку работы студента 1.
[t=64] Студент 4 передал работу; поставлен в очередь (1/1).
[t=66] Преподаватель 1 закончил проверку студента 1; оценка 3.
[t=66] Студент 1 получил свою оценку 3 и завершил экзамен.
[t=66] Преподаватель 1 начал проверку работы студента 4.
[t=66] Студент 5 передал работу; поставлен в очередь (1/1).
[t=68] Преподаватель 1 закончил проверку студента 4; оценка 3.
[t=68] Студент 4 получил свою оценку 3 и завершил экзамен.
[t=68] Преподаватель 1 начал проверку работы студента 5.
[t=68] Студент 6 передал работу; поставлен в очередь (1/1).
[t=70] Преподаватель 1 закончил проверку студента 5; оценка 3.
[t=70] Студент 5 получил свою оценку 3 и завершил экзамен.
[t=70] Преподаватель 1 начал проверку работы студента 6.
[t=70] Студент 12 передал работу; поставлен в очередь (1/1).
[t=72] Преподаватель 1 закончил проверку студента 6; оценка 3.
[t=72] Студент 6 получил свою оценку 3 и завершил экзамен.
[t=72] Преподаватель 1 начал проверку работы студента 12.
[t=72] Студент 13 передал работу; поставлен в очередь (1/1).
[t=74] Преподаватель 1 закончил проверку студента 12; оценка 3.
[t=74] Студент 12 получил свою оценку 3 и завершил экзамен.
[t=74] Преподаватель 1 начал проверку работы студента 13.
[t=74] Студент 20 передал работу; поставлен в очередь (1/1).
[t=76] Преподаватель 1 закончил проверку студента 13; оценка 2.
[t=76] Студент 13 получил свою оценку 2 и завершил экзамен.
[t=76] Преподаватель 1 начал проверку работы студента 20.
[t=76] Студент 25 передал работу; поставлен в очередь (1/1).
[t=78] Преподаватель 1 закончил проверку студента 20; оценка 2.
[t=78] Студент 20 получил свою оценку 2 и завершил экзамен.
[t=78] Преподаватель 1 начал проверку работы студента 25.
[t=78] Студент 40 передал работу; поставлен в очередь (1/1).
[t=80] Преподаватель 1 закончил проверку студента 25; оценка 4.
[t=80] Студент 25 получил свою оценку 4 и завершил экзамен.
[t=80] Преподаватель 1 начал проверку работы студента 40.
[t=82] Преподаватель 1 закончил проверку студента 40; оценка 5.
[t=82] Студент 40 получил свою оценку 5 и завершил экзамен.
[t=82] СТУДЕНТ id=1 ticket=14 state=done teacher=1 grade=3
[t=82] СТУДЕНТ id=2 ticket=30 state=done teacher=1 grade=3
[t=82] СТУДЕНТ id=3 ticket=9 state=done teacher=1 grade=5
[t=82] СТУДЕНТ id=4 ticket=27 state=done teacher=1 grade=3
[t=82] СТУДЕНТ id=5 ticket=28 state=done teacher=1 grade=3
[t=82] СТУДЕНТ id=6 ticket=15 state=done teacher=1 grade=3
[t=82] СТУДЕНТ id=7 ticket=1 state=done teacher=1 grade=2
[t=82] СТУДЕНТ id=8 ticket=2 state=done teacher=1 grade=4
[t=82] СТУДЕНТ id=9 ticket=5 state=done teacher=1 grade=2
[t=82] СТУДЕНТ id=10 ticket=13 state=done teacher=1 grade=5
[t=82] СТУДЕНТ id=11 ticket=31 state=done teacher=1 grade=3
[t=82] СТУДЕНТ id=12 ticket=33 state=done teacher=1 grade=3
[t=82] СТУДЕНТ id=13 ticket=23 state=done teacher=1 grade=2
[t=82] СТУДЕНТ id=14 ticket=26 state=done teacher=1 grade=3
[t=82] СТУДЕНТ id=15 ticket=37 state=done teacher=1 grade=2
[t=82] СТУДЕНТ id=16 ticket=3 state=done teacher=1 grade=2
[t=82] СТУДЕНТ id=17 ticket=24 state=done teacher=1 grade=4
[t=82] СТУДЕНТ id=18 ticket=34 state=done teacher=1 grade=2
[t=82] СТУДЕНТ id=19 ticket=4 state=done teacher=1 grade=2
[t=82] СТУДЕНТ id=20 ticket=35 state=done teacher=1 grade=2
[t=82] СТУДЕНТ id=21 ticket=8 state=done teacher=1 grade=5
[t=82] СТУДЕНТ id=22 ticket=36 state=done teacher=1 grade=2
[t=82] СТУДЕНТ id=23 ticket=25 state=done teacher=1 grade=4
[t=82] СТУДЕНТ id=24 ticket=17 state=done teacher=1 grade=2
[t=82] СТУДЕНТ id=25 ticket=19 state=done teacher=1 grade=4
[t=82] СТУДЕНТ id=26 ticket=29 state=done teacher=1 grade=5
[t=82] СТУДЕНТ id=27 ticket=39 state=done teacher=1 grade=5
[t=82] СТУДЕНТ id=28 ticket=7 state=done teacher=1 grade=3
[t=82] СТУДЕНТ id=29 ticket=12 state=done teacher=1 grade=3
[t=82] СТУДЕНТ id=30 ticket=38 state=done teacher=1 grade=2
[t=82] СТУДЕНТ id=31 ticket=16 state=done teacher=1 grade=5
[t=82] СТУДЕНТ id=32 ticket=6 state=done teacher=1 grade=2
[t=82] СТУДЕНТ id=33 ticket=22 state=done teacher=1 grade=2
[t=82] СТУДЕНТ id=34 ticket=21 state=done teacher=1 grade=2
[t=82] СТУДЕНТ id=35 ticket=20 state=done teacher=1 grade=3
[t=82] СТУДЕНТ id=36 ticket=18 state=done teacher=1 grade=5
[t=82] СТУДЕНТ id=37 ticket=11 state=done teacher=1 grade=4
[t=82] СТУДЕНТ id=38 ticket=40 state=done teacher=1 grade=2
[t=82] СТУДЕНТ id=39 ticket=32 state=done teacher=1 grade=5
[t=82] СТУДЕНТ id=40 ticket=10 state=done teacher=1 grade=5
[t=82] ИТОГ reason=complete admitted=40 completed=40 unfinished=0 rejected=0 peak_queue=1 waited=38 average=3.20
